PC <- 2
ACC <- 1

PC <- 4
ACC <- 1

PC <- 5
ACC <- 1
