> 2
PC <- 2
ACC <- 0

> 5
PC <- 4
ACC <- 0

PC <- 6
ACC <- 2

PC <- 8
ACC <- 7

PC <- 10
ACC <- 7

PC <- 12
ACC <- 7
OUTPUT: 7

PC <- 13
ACC <- 7
