10 40 11 43 11 44 13 43 13 44 10 42 01 41 01 41 11 42 10 44 01 43 09 44 43 11 44 13 44 10 42 02 40 11 42 07 18 05 39 14 1 -1 5 0 0 0